// Jest Snapshot v1, https://goo.gl/fbAQLP

exports[`Prueba en CounterApp debe hacer match con el snapshot 1`] = `
<div>
  <h1>
    CounterApp
  </h1>
  <h1>
    10
  </h1>
  <button
    aria-label="sumar"
  >
    +1
  </button>
  <button>
    -1
  </button>
  <button>
    Reset
  </button>
</div>
`;
