// Jest Snapshot v1, https://goo.gl/fbAQLP

exports[`Pruebas en <FirstApp/> debe de hacer match con el snapshot 1`] = `
<div>
  <h4>
    Hola soy Flavio
  </h4>
  <h2>
    No hay nombre
  </h2>
</div>
`;
