// Jest Snapshot v1, https://goo.gl/fbAQLP

exports[`Pruebas en <FirstApp/> debe de hacer match con el snapshot 1`] = `
<div>
  <h1
    data-testid="test-title"
  >
    Hola soy Flavio
  </h1>
  <h2>
    No hay nombre
  </h2>
  <h3>
    Holiiiis
  </h3>
  <h3>
    Holiiiis
  </h3>
</div>
`;
